// Jest Snapshot v1, https://jestjs.io/docs/snapshot-testing

exports[`Button function renderButton deve gerar o snapshot e ser idÃªntico ao snapshot anterior 1`] = `
<DocumentFragment>
  <button
    style="background: var(--primary); color: white; padding: 0.75rem 1.5rem; border-radius: 0.375rem; cursor: pointer; font-weight: 500; font-size: 1rem; transition: all 0.2s; opacity: 1;"
  >
    Click me
  </button>
</DocumentFragment>
`;
