// Jest Snapshot v1, https://jestjs.io/docs/snapshot-testing

exports[`App - Home deve renderizar o n√∫mero de posts corretamente de acordo com a quantidade de posts retornada pela API 1`] = `
<DocumentFragment>
  <div
    style="min-height: 100vh; background: var(--background);"
  >
    <header
      style="background: var(--card-bg); border-bottom: 1px solid var(--border); padding: 1rem 2rem;"
    >
      <div
        style="max-width: 1200px; margin: 0px auto; display: flex; justify-content: space-between; align-items: center;"
      >
        <h1
          style="font-size: 1.5rem; font-weight: bold; cursor: pointer; color: var(--primary);"
        >
          SQA Social Media
        </h1>
        <div
          style="display: flex; gap: 1rem; align-items: center;"
        >
          <button
            style="background: transparent; color: var(--foreground); border: 1px solid var(--border); padding: 0.5rem 1rem; border-radius: 0.375rem; cursor: pointer; font-weight: 500; font-size: 1rem; transition: all 0.2s; opacity: 1;"
          >
            Entrar
          </button>
          <button
            style="background: var(--primary); color: white; padding: 0.5rem 1rem; border-radius: 0.375rem; cursor: pointer; font-weight: 500; font-size: 1rem; transition: all 0.2s; opacity: 1;"
          >
            Criar Conta
          </button>
        </div>
      </div>
    </header>
    <main
      style="max-width: 800px; margin: 0px auto; padding: 2rem;"
    >
      <h1
        style="font-size: 2rem; font-weight: bold; margin-bottom: 2rem; color: var(--foreground);"
      >
        Feed de Posts
      </h1>
      <div>
        <div
          role="listitem"
          style="background: var(--card-bg); border: 1px solid var(--border); border-radius: 0.5rem; padding: 1.5rem; margin-bottom: 1rem; transition: all 0.2s;"
        >
          <h2
            style="font-size: 1.25rem; font-weight: 600; margin-bottom: 0.75rem; color: var(--foreground);"
          >
            Post 1
          </h2>
          <p
            style="color: var(--foreground); opacity: 0.9; line-height: 1.6; margin-bottom: 1rem;"
          >
            Content 1
          </p>
          <div
            style="display: flex; justify-content: flex-end; align-items: center; margin-top: 1rem;"
          >
            <button
              style="background: transparent; color: var(--foreground); border: 2px solid var(--border); padding: 0.5rem 1.25rem; border-radius: 0.375rem; cursor: pointer; font-weight: 500; display: flex; align-items: center; gap: 0.5rem; transition: all 0.2s; opacity: 1;"
            >
              <span
                style="font-size: 1.25rem;"
              >
                ü§ç
              </span>
              <span>
                Curtir
              </span>
            </button>
          </div>
        </div>
        <div
          role="listitem"
          style="background: var(--card-bg); border: 1px solid var(--border); border-radius: 0.5rem; padding: 1.5rem; margin-bottom: 1rem; transition: all 0.2s;"
        >
          <h2
            style="font-size: 1.25rem; font-weight: 600; margin-bottom: 0.75rem; color: var(--foreground);"
          >
            Post 2
          </h2>
          <p
            style="color: var(--foreground); opacity: 0.9; line-height: 1.6; margin-bottom: 1rem;"
          >
            Content 2
          </p>
          <div
            style="display: flex; justify-content: flex-end; align-items: center; margin-top: 1rem;"
          >
            <button
              style="background: transparent; color: var(--foreground); border: 2px solid var(--border); padding: 0.5rem 1.25rem; border-radius: 0.375rem; cursor: pointer; font-weight: 500; display: flex; align-items: center; gap: 0.5rem; transition: all 0.2s; opacity: 1;"
            >
              <span
                style="font-size: 1.25rem;"
              >
                ü§ç
              </span>
              <span>
                Curtir
              </span>
            </button>
          </div>
        </div>
      </div>
      <p
        style="text-align: center; margin-top: 2rem; color: var(--foreground); opacity: 0.7;"
      >
        Voc√™ chegou ao fim dos posts!
      </p>
    </main>
  </div>
</DocumentFragment>
`;
